Archive member included to satisfy reference by file (symbol)

c:/program files/microchip/xc8/v3.00/avr/bin/../lib/gcc/avr/5.4.0/avrxmega3/short-calls\libgcc.a(_copy_data.o)
                              build/default/debug/LIN_ATtiny416.o (__do_copy_data)
c:/program files/microchip/xc8/v3.00/avr/bin/../lib/gcc/avr/5.4.0/../../../../avr/lib/avrxmega3/short-calls\libc.a(exit.o)
                              C:/Program Files/Microchip/MPLABX/v6.25/packs/Microchip/ATtiny_DFP/3.2.268/xc8/avr/lib/avrxmega3/short-calls/crtattiny416.o (exit)
c:/program files/microchip/xc8/v3.00/avr/bin/../lib/gcc/avr/5.4.0/../../../../avr/lib/avrxmega3/short-calls\libc.a(_Exit.o)
                              c:/program files/microchip/xc8/v3.00/avr/bin/../lib/gcc/avr/5.4.0/../../../../avr/lib/avrxmega3/short-calls\libc.a(exit.o) (_Exit)
C:/Program Files/Microchip/MPLABX/v6.25/packs/Microchip/ATtiny_DFP/3.2.268/xc8/avr/lib/avrxmega3/short-calls\libattiny416.a(eewr_block_xmega.o)
                              build/default/debug/LIN_ATtiny416.o (eeprom_write_block)
C:/Program Files/Microchip/MPLABX/v6.25/packs/Microchip/ATtiny_DFP/3.2.268/xc8/avr/lib/avrxmega3/short-calls\libattiny416.a(eerd_block.o)
                              build/default/debug/LIN_ATtiny416.o (eeprom_read_block)
c:/program files/microchip/xc8/v3.00/avr/bin/../lib/gcc/avr/5.4.0/avrxmega3/short-calls\libgcc.a(_exit.o)
                              c:/program files/microchip/xc8/v3.00/avr/bin/../lib/gcc/avr/5.4.0/../../../../avr/lib/avrxmega3/short-calls\libc.a(_Exit.o) (_exit)
c:/program files/microchip/xc8/v3.00/avr/bin/../lib/gcc/avr/5.4.0/avrxmega3/short-calls\libgcc.a(_prologue.o)
                              C:/Program Files/Microchip/MPLABX/v6.25/packs/Microchip/ATtiny_DFP/3.2.268/xc8/avr/lib/avrxmega3/short-calls\libattiny416.a(eewr_block_xmega.o) (__prologue_saves__)
c:/program files/microchip/xc8/v3.00/avr/bin/../lib/gcc/avr/5.4.0/avrxmega3/short-calls\libgcc.a(_epilogue.o)
                              C:/Program Files/Microchip/MPLABX/v6.25/packs/Microchip/ATtiny_DFP/3.2.268/xc8/avr/lib/avrxmega3/short-calls\libattiny416.a(eewr_block_xmega.o) (__epilogue_restores__)
c:/program files/microchip/xc8/v3.00/avr/bin/../lib/gcc/avr/5.4.0/../../../../avr/lib/avrxmega3/short-calls\libc.a(abort.o)
                              C:/Program Files/Microchip/MPLABX/v6.25/packs/Microchip/ATtiny_DFP/3.2.268/xc8/avr/lib/avrxmega3/short-calls\libattiny416.a(eewr_block_xmega.o) (abort)
c:/program files/microchip/xc8/v3.00/avr/bin/../lib/gcc/avr/5.4.0/../../../../avr/lib/avrxmega3/short-calls\libc.a(memcpy.o)
                              C:/Program Files/Microchip/MPLABX/v6.25/packs/Microchip/ATtiny_DFP/3.2.268/xc8/avr/lib/avrxmega3/short-calls\libattiny416.a(eerd_block.o) (memcpy)

Discarded input sections

 .data          0x0000000000000000        0x0 C:/Program Files/Microchip/MPLABX/v6.25/packs/Microchip/ATtiny_DFP/3.2.268/xc8/avr/lib/avrxmega3/short-calls/crtattiny416.o
 .bss           0x0000000000000000        0x0 C:/Program Files/Microchip/MPLABX/v6.25/packs/Microchip/ATtiny_DFP/3.2.268/xc8/avr/lib/avrxmega3/short-calls/crtattiny416.o
 .text          0x0000000000000000        0x0 build/default/debug/LIN_ATtiny416.o
 .data          0x0000000000000000        0x0 build/default/debug/LIN_ATtiny416.o
 .bss           0x0000000000000000        0x0 build/default/debug/LIN_ATtiny416.o
 .text.uart_receive
                0x0000000000000000       0x10 build/default/debug/LIN_ATtiny416.o
 .text.fallback_timeout_handler
                0x0000000000000000        0x2 build/default/debug/LIN_ATtiny416.o
 .bss.g_key     0x0000000000000000        0x4 build/default/debug/LIN_ATtiny416.o
 .text          0x0000000000000000        0x0 c:/program files/microchip/xc8/v3.00/avr/bin/../lib/gcc/avr/5.4.0/avrxmega3/short-calls\libgcc.a(_copy_data.o)
 .data          0x0000000000000000        0x0 c:/program files/microchip/xc8/v3.00/avr/bin/../lib/gcc/avr/5.4.0/avrxmega3/short-calls\libgcc.a(_copy_data.o)
 .bss           0x0000000000000000        0x0 c:/program files/microchip/xc8/v3.00/avr/bin/../lib/gcc/avr/5.4.0/avrxmega3/short-calls\libgcc.a(_copy_data.o)
 .text.libgcc.mul
                0x0000000000000000        0x0 c:/program files/microchip/xc8/v3.00/avr/bin/../lib/gcc/avr/5.4.0/avrxmega3/short-calls\libgcc.a(_copy_data.o)
 .text.libgcc.div
                0x0000000000000000        0x0 c:/program files/microchip/xc8/v3.00/avr/bin/../lib/gcc/avr/5.4.0/avrxmega3/short-calls\libgcc.a(_copy_data.o)
 .text.libgcc   0x0000000000000000        0x0 c:/program files/microchip/xc8/v3.00/avr/bin/../lib/gcc/avr/5.4.0/avrxmega3/short-calls\libgcc.a(_copy_data.o)
 .text.libgcc.prologue
                0x0000000000000000        0x0 c:/program files/microchip/xc8/v3.00/avr/bin/../lib/gcc/avr/5.4.0/avrxmega3/short-calls\libgcc.a(_copy_data.o)
 .text.libgcc.builtins
                0x0000000000000000        0x0 c:/program files/microchip/xc8/v3.00/avr/bin/../lib/gcc/avr/5.4.0/avrxmega3/short-calls\libgcc.a(_copy_data.o)
 .text.libgcc.fmul
                0x0000000000000000        0x0 c:/program files/microchip/xc8/v3.00/avr/bin/../lib/gcc/avr/5.4.0/avrxmega3/short-calls\libgcc.a(_copy_data.o)
 .text.libgcc.fixed
                0x0000000000000000        0x0 c:/program files/microchip/xc8/v3.00/avr/bin/../lib/gcc/avr/5.4.0/avrxmega3/short-calls\libgcc.a(_copy_data.o)
 .text          0x0000000000000000        0x0 c:/program files/microchip/xc8/v3.00/avr/bin/../lib/gcc/avr/5.4.0/../../../../avr/lib/avrxmega3/short-calls\libc.a(exit.o)
 .data          0x0000000000000000        0x0 c:/program files/microchip/xc8/v3.00/avr/bin/../lib/gcc/avr/5.4.0/../../../../avr/lib/avrxmega3/short-calls\libc.a(exit.o)
 .bss           0x0000000000000000        0x0 c:/program files/microchip/xc8/v3.00/avr/bin/../lib/gcc/avr/5.4.0/../../../../avr/lib/avrxmega3/short-calls\libc.a(exit.o)
 .stack.descriptors
                0x0000000000000000       0x73 c:/program files/microchip/xc8/v3.00/avr/bin/../lib/gcc/avr/5.4.0/../../../../avr/lib/avrxmega3/short-calls\libc.a(exit.o)
 .text          0x0000000000000000        0x0 c:/program files/microchip/xc8/v3.00/avr/bin/../lib/gcc/avr/5.4.0/../../../../avr/lib/avrxmega3/short-calls\libc.a(_Exit.o)
 .data          0x0000000000000000        0x0 c:/program files/microchip/xc8/v3.00/avr/bin/../lib/gcc/avr/5.4.0/../../../../avr/lib/avrxmega3/short-calls\libc.a(_Exit.o)
 .bss           0x0000000000000000        0x0 c:/program files/microchip/xc8/v3.00/avr/bin/../lib/gcc/avr/5.4.0/../../../../avr/lib/avrxmega3/short-calls\libc.a(_Exit.o)
 .stack.descriptors
                0x0000000000000000       0x13 c:/program files/microchip/xc8/v3.00/avr/bin/../lib/gcc/avr/5.4.0/../../../../avr/lib/avrxmega3/short-calls\libc.a(_Exit.o)
 .text          0x0000000000000000        0x0 C:/Program Files/Microchip/MPLABX/v6.25/packs/Microchip/ATtiny_DFP/3.2.268/xc8/avr/lib/avrxmega3/short-calls\libattiny416.a(eewr_block_xmega.o)
 .data          0x0000000000000000        0x0 C:/Program Files/Microchip/MPLABX/v6.25/packs/Microchip/ATtiny_DFP/3.2.268/xc8/avr/lib/avrxmega3/short-calls\libattiny416.a(eewr_block_xmega.o)
 .bss           0x0000000000000000        0x0 C:/Program Files/Microchip/MPLABX/v6.25/packs/Microchip/ATtiny_DFP/3.2.268/xc8/avr/lib/avrxmega3/short-calls\libattiny416.a(eewr_block_xmega.o)
 .stack.descriptors
                0x0000000000000000       0x20 C:/Program Files/Microchip/MPLABX/v6.25/packs/Microchip/ATtiny_DFP/3.2.268/xc8/avr/lib/avrxmega3/short-calls\libattiny416.a(eewr_block_xmega.o)
 .text          0x0000000000000000        0x0 C:/Program Files/Microchip/MPLABX/v6.25/packs/Microchip/ATtiny_DFP/3.2.268/xc8/avr/lib/avrxmega3/short-calls\libattiny416.a(eerd_block.o)
 .data          0x0000000000000000        0x0 C:/Program Files/Microchip/MPLABX/v6.25/packs/Microchip/ATtiny_DFP/3.2.268/xc8/avr/lib/avrxmega3/short-calls\libattiny416.a(eerd_block.o)
 .bss           0x0000000000000000        0x0 C:/Program Files/Microchip/MPLABX/v6.25/packs/Microchip/ATtiny_DFP/3.2.268/xc8/avr/lib/avrxmega3/short-calls\libattiny416.a(eerd_block.o)
 .stack.descriptors
                0x0000000000000000       0x3e C:/Program Files/Microchip/MPLABX/v6.25/packs/Microchip/ATtiny_DFP/3.2.268/xc8/avr/lib/avrxmega3/short-calls\libattiny416.a(eerd_block.o)
 .text          0x0000000000000000        0x0 c:/program files/microchip/xc8/v3.00/avr/bin/../lib/gcc/avr/5.4.0/avrxmega3/short-calls\libgcc.a(_exit.o)
 .data          0x0000000000000000        0x0 c:/program files/microchip/xc8/v3.00/avr/bin/../lib/gcc/avr/5.4.0/avrxmega3/short-calls\libgcc.a(_exit.o)
 .bss           0x0000000000000000        0x0 c:/program files/microchip/xc8/v3.00/avr/bin/../lib/gcc/avr/5.4.0/avrxmega3/short-calls\libgcc.a(_exit.o)
 .text.libgcc.mul
                0x0000000000000000        0x0 c:/program files/microchip/xc8/v3.00/avr/bin/../lib/gcc/avr/5.4.0/avrxmega3/short-calls\libgcc.a(_exit.o)
 .text.libgcc.div
                0x0000000000000000        0x0 c:/program files/microchip/xc8/v3.00/avr/bin/../lib/gcc/avr/5.4.0/avrxmega3/short-calls\libgcc.a(_exit.o)
 .text.libgcc   0x0000000000000000        0x0 c:/program files/microchip/xc8/v3.00/avr/bin/../lib/gcc/avr/5.4.0/avrxmega3/short-calls\libgcc.a(_exit.o)
 .text.libgcc.prologue
                0x0000000000000000        0x0 c:/program files/microchip/xc8/v3.00/avr/bin/../lib/gcc/avr/5.4.0/avrxmega3/short-calls\libgcc.a(_exit.o)
 .stack.descriptors
                0x0000000000000000       0x13 c:/program files/microchip/xc8/v3.00/avr/bin/../lib/gcc/avr/5.4.0/avrxmega3/short-calls\libgcc.a(_exit.o)
 .text.libgcc.builtins
                0x0000000000000000        0x0 c:/program files/microchip/xc8/v3.00/avr/bin/../lib/gcc/avr/5.4.0/avrxmega3/short-calls\libgcc.a(_exit.o)
 .text.libgcc.fmul
                0x0000000000000000        0x0 c:/program files/microchip/xc8/v3.00/avr/bin/../lib/gcc/avr/5.4.0/avrxmega3/short-calls\libgcc.a(_exit.o)
 .text.libgcc.fixed
                0x0000000000000000        0x0 c:/program files/microchip/xc8/v3.00/avr/bin/../lib/gcc/avr/5.4.0/avrxmega3/short-calls\libgcc.a(_exit.o)
 .text          0x0000000000000000        0x0 c:/program files/microchip/xc8/v3.00/avr/bin/../lib/gcc/avr/5.4.0/avrxmega3/short-calls\libgcc.a(_prologue.o)
 .data          0x0000000000000000        0x0 c:/program files/microchip/xc8/v3.00/avr/bin/../lib/gcc/avr/5.4.0/avrxmega3/short-calls\libgcc.a(_prologue.o)
 .bss           0x0000000000000000        0x0 c:/program files/microchip/xc8/v3.00/avr/bin/../lib/gcc/avr/5.4.0/avrxmega3/short-calls\libgcc.a(_prologue.o)
 .text.libgcc.mul
                0x0000000000000000        0x0 c:/program files/microchip/xc8/v3.00/avr/bin/../lib/gcc/avr/5.4.0/avrxmega3/short-calls\libgcc.a(_prologue.o)
 .text.libgcc.div
                0x0000000000000000        0x0 c:/program files/microchip/xc8/v3.00/avr/bin/../lib/gcc/avr/5.4.0/avrxmega3/short-calls\libgcc.a(_prologue.o)
 .text.libgcc   0x0000000000000000        0x0 c:/program files/microchip/xc8/v3.00/avr/bin/../lib/gcc/avr/5.4.0/avrxmega3/short-calls\libgcc.a(_prologue.o)
 .text.libgcc.builtins
                0x0000000000000000        0x0 c:/program files/microchip/xc8/v3.00/avr/bin/../lib/gcc/avr/5.4.0/avrxmega3/short-calls\libgcc.a(_prologue.o)
 .text.libgcc.fmul
                0x0000000000000000        0x0 c:/program files/microchip/xc8/v3.00/avr/bin/../lib/gcc/avr/5.4.0/avrxmega3/short-calls\libgcc.a(_prologue.o)
 .text.libgcc.fixed
                0x0000000000000000        0x0 c:/program files/microchip/xc8/v3.00/avr/bin/../lib/gcc/avr/5.4.0/avrxmega3/short-calls\libgcc.a(_prologue.o)
 .text          0x0000000000000000        0x0 c:/program files/microchip/xc8/v3.00/avr/bin/../lib/gcc/avr/5.4.0/avrxmega3/short-calls\libgcc.a(_epilogue.o)
 .data          0x0000000000000000        0x0 c:/program files/microchip/xc8/v3.00/avr/bin/../lib/gcc/avr/5.4.0/avrxmega3/short-calls\libgcc.a(_epilogue.o)
 .bss           0x0000000000000000        0x0 c:/program files/microchip/xc8/v3.00/avr/bin/../lib/gcc/avr/5.4.0/avrxmega3/short-calls\libgcc.a(_epilogue.o)
 .text.libgcc.mul
                0x0000000000000000        0x0 c:/program files/microchip/xc8/v3.00/avr/bin/../lib/gcc/avr/5.4.0/avrxmega3/short-calls\libgcc.a(_epilogue.o)
 .text.libgcc.div
                0x0000000000000000        0x0 c:/program files/microchip/xc8/v3.00/avr/bin/../lib/gcc/avr/5.4.0/avrxmega3/short-calls\libgcc.a(_epilogue.o)
 .text.libgcc   0x0000000000000000        0x0 c:/program files/microchip/xc8/v3.00/avr/bin/../lib/gcc/avr/5.4.0/avrxmega3/short-calls\libgcc.a(_epilogue.o)
 .text.libgcc.builtins
                0x0000000000000000        0x0 c:/program files/microchip/xc8/v3.00/avr/bin/../lib/gcc/avr/5.4.0/avrxmega3/short-calls\libgcc.a(_epilogue.o)
 .text.libgcc.fmul
                0x0000000000000000        0x0 c:/program files/microchip/xc8/v3.00/avr/bin/../lib/gcc/avr/5.4.0/avrxmega3/short-calls\libgcc.a(_epilogue.o)
 .text.libgcc.fixed
                0x0000000000000000        0x0 c:/program files/microchip/xc8/v3.00/avr/bin/../lib/gcc/avr/5.4.0/avrxmega3/short-calls\libgcc.a(_epilogue.o)
 .text          0x0000000000000000        0x0 c:/program files/microchip/xc8/v3.00/avr/bin/../lib/gcc/avr/5.4.0/../../../../avr/lib/avrxmega3/short-calls\libc.a(abort.o)
 .data          0x0000000000000000        0x0 c:/program files/microchip/xc8/v3.00/avr/bin/../lib/gcc/avr/5.4.0/../../../../avr/lib/avrxmega3/short-calls\libc.a(abort.o)
 .bss           0x0000000000000000        0x0 c:/program files/microchip/xc8/v3.00/avr/bin/../lib/gcc/avr/5.4.0/../../../../avr/lib/avrxmega3/short-calls\libc.a(abort.o)
 .stack.descriptors
                0x0000000000000000       0x13 c:/program files/microchip/xc8/v3.00/avr/bin/../lib/gcc/avr/5.4.0/../../../../avr/lib/avrxmega3/short-calls\libc.a(abort.o)
 .text          0x0000000000000000        0x0 c:/program files/microchip/xc8/v3.00/avr/bin/../lib/gcc/avr/5.4.0/../../../../avr/lib/avrxmega3/short-calls\libc.a(memcpy.o)
 .data          0x0000000000000000        0x0 c:/program files/microchip/xc8/v3.00/avr/bin/../lib/gcc/avr/5.4.0/../../../../avr/lib/avrxmega3/short-calls\libc.a(memcpy.o)
 .bss           0x0000000000000000        0x0 c:/program files/microchip/xc8/v3.00/avr/bin/../lib/gcc/avr/5.4.0/../../../../avr/lib/avrxmega3/short-calls\libc.a(memcpy.o)
 .stack.descriptors
                0x0000000000000000       0x14 c:/program files/microchip/xc8/v3.00/avr/bin/../lib/gcc/avr/5.4.0/../../../../avr/lib/avrxmega3/short-calls\libc.a(memcpy.o)

Memory Configuration

Name             Origin             Length             Attributes
text             0x0000000000000000 0x0000000000001000 xr
data             0x0000000000803f00 0x0000000000000100 rw !x
eeprom           0x0000000000810000 0x0000000000000080 rw !x
fuse             0x0000000000820000 0x000000000000000a rw !x
lock             0x0000000000830000 0x0000000000000400 rw !x
signature        0x0000000000840000 0x0000000000000400 rw !x
user_signatures  0x0000000000850000 0x0000000000000400 rw !x
bootrow          0x0000000000860000 0x0000000000000400 rw !x
*default*        0x0000000000000000 0xffffffffffffffff

Linker script and memory map

Address of section .data set to 0x803f00
                0x0000000000008000                __RODATA_PM_OFFSET__ = 0x8000
LOAD C:/Program Files/Microchip/MPLABX/v6.25/packs/Microchip/ATtiny_DFP/3.2.268/xc8/avr/lib/avrxmega3/short-calls/crtattiny416.o
                0x0000000000000001                __MPLAB_BUILD = 0x1
LOAD build/default/debug/LIN_ATtiny416.o
START GROUP
LOAD c:/program files/microchip/xc8/v3.00/avr/bin/../lib/gcc/avr/5.4.0/../../../../avr/lib/avrxmega3/short-calls\libm.a
END GROUP
                0x0000000000000001                __MPLAB_DEBUG = 0x1
                0x0000000000000001                __DEBUG = 0x1
START GROUP
LOAD c:/program files/microchip/xc8/v3.00/avr/bin/../lib/gcc/avr/5.4.0/avrxmega3/short-calls\libgcc.a
LOAD c:/program files/microchip/xc8/v3.00/avr/bin/../lib/gcc/avr/5.4.0/../../../../avr/lib/avrxmega3/short-calls\libm.a
LOAD c:/program files/microchip/xc8/v3.00/avr/bin/../lib/gcc/avr/5.4.0/../../../../avr/lib/avrxmega3/short-calls\libc.a
LOAD C:/Program Files/Microchip/MPLABX/v6.25/packs/Microchip/ATtiny_DFP/3.2.268/xc8/avr/lib/avrxmega3/short-calls\libattiny416.a
END GROUP
                [0x0000000000000000]                __TEXT_REGION_ORIGIN__ = DEFINED (__TEXT_REGION_ORIGIN__)?__TEXT_REGION_ORIGIN__:0x0
                [0x0000000000803f00]                __DATA_REGION_ORIGIN__ = DEFINED (__DATA_REGION_ORIGIN__)?__DATA_REGION_ORIGIN__:0x802000
                [0x0000000000001000]                __TEXT_REGION_LENGTH__ = DEFINED (__TEXT_REGION_LENGTH__)?__TEXT_REGION_LENGTH__:0x100000
                [0x0000000000000100]                __DATA_REGION_LENGTH__ = DEFINED (__DATA_REGION_LENGTH__)?__DATA_REGION_LENGTH__:0xffa0
                [0x0000000000000080]                __EEPROM_REGION_LENGTH__ = DEFINED (__EEPROM_REGION_LENGTH__)?__EEPROM_REGION_LENGTH__:0x10000
                [0x000000000000000a]                __FUSE_REGION_LENGTH__ = DEFINED (__FUSE_REGION_LENGTH__)?__FUSE_REGION_LENGTH__:0x400
                0x0000000000000400                __LOCK_REGION_LENGTH__ = DEFINED (__LOCK_REGION_LENGTH__)?__LOCK_REGION_LENGTH__:0x400
                0x0000000000000400                __SIGNATURE_REGION_LENGTH__ = DEFINED (__SIGNATURE_REGION_LENGTH__)?__SIGNATURE_REGION_LENGTH__:0x400
                0x0000000000000400                __USER_SIGNATURE_REGION_LENGTH__ = DEFINED (__USER_SIGNATURE_REGION_LENGTH__)?__USER_SIGNATURE_REGION_LENGTH__:0x400
                0x0000000000008000                __RODATA_PM_OFFSET__ = DEFINED (__RODATA_PM_OFFSET__)?__RODATA_PM_OFFSET__:0x8000
                0x0000000000000400                __BOOTROW_REGION_LENGTH__ = DEFINED (__BOOTROW_REGION_LENGTH__)?__BOOTROW_REGION_LENGTH__:0x400

.hash
 *(.hash)

.dynsym
 *(.dynsym)

.dynstr
 *(.dynstr)

.gnu.version
 *(.gnu.version)

.gnu.version_d
 *(.gnu.version_d)

.gnu.version_r
 *(.gnu.version_r)

.rel.init
 *(.rel.init)

.rela.init
 *(.rela.init)

.rel.text
 *(.rel.text)
 *(.rel.text.*)
 *(.rel.gnu.linkonce.t*)

.rela.text
 *(.rela.text)
 *(.rela.text.*)
 *(.rela.gnu.linkonce.t*)

.rel.fini
 *(.rel.fini)

.rela.fini
 *(.rela.fini)

.rel.rodata
 *(.rel.rodata)
 *(.rel.rodata.*)
 *(.rel.gnu.linkonce.r*)

.rela.rodata
 *(.rela.rodata)
 *(.rela.rodata.*)
 *(.rela.gnu.linkonce.r*)

.rel.data
 *(.rel.data)
 *(.rel.data.*)
 *(.rel.gnu.linkonce.d*)

.rela.data
 *(.rela.data)
 *(.rela.data.*)
 *(.rela.gnu.linkonce.d*)

.rel.ctors
 *(.rel.ctors)

.rela.ctors
 *(.rela.ctors)

.rel.dtors
 *(.rel.dtors)

.rela.dtors
 *(.rela.dtors)

.rel.got
 *(.rel.got)

.rela.got
 *(.rela.got)

.rel.bss
 *(.rel.bss)

.rela.bss
 *(.rela.bss)

.rel.plt
 *(.rel.plt)

.rela.plt
 *(.rela.plt)

.text           0x0000000000000000       0x96
 *(.vectors)
 .vectors       0x0000000000000000       0x34 C:/Program Files/Microchip/MPLABX/v6.25/packs/Microchip/ATtiny_DFP/3.2.268/xc8/avr/lib/avrxmega3/short-calls/crtattiny416.o
                0x0000000000000000                __vector_default
                0x0000000000000000                __vectors
 *(.vectors)
 *(.progmem.gcc*)
 *(.dinit)
 .dinit         0x0000000000000034       0x11 data_init
                0x0000000000000046                . = ALIGN (0x2)
 *fill*         0x0000000000000045        0x1 
                0x0000000000000046                __trampolines_start = .
 *(.trampolines)
 .trampolines   0x0000000000000046        0x0 linker stubs
 *(.trampolines*)
                0x0000000000000046                __trampolines_end = .
 *libprintf_flt.a:*(.progmem.data)
 *libc.a:*(.progmem.data)
                0x0000000000000046                . = ALIGN (0x2)
 *(.jumptables)
 *(.jumptables*)
 *(.lowtext)
 *(.lowtext*)
                0x0000000000000046                __ctors_start = .
 *(.ctors)
                0x0000000000000046                __ctors_end = .
                0x0000000000000046                __dtors_start = .
 *(.dtors)
                0x0000000000000046                __dtors_end = .
 SORT(*)(.ctors)
 SORT(*)(.dtors)
 *(.init0)
 .init0         0x0000000000000046        0x0 C:/Program Files/Microchip/MPLABX/v6.25/packs/Microchip/ATtiny_DFP/3.2.268/xc8/avr/lib/avrxmega3/short-calls/crtattiny416.o
                0x0000000000000046                __init
 *(.init0)
 *(.init1)
 *(.init1)
 *(.init2)
 .init2         0x0000000000000046        0xc C:/Program Files/Microchip/MPLABX/v6.25/packs/Microchip/ATtiny_DFP/3.2.268/xc8/avr/lib/avrxmega3/short-calls/crtattiny416.o
 *(.init2)
 *(.init3)
 *(.init3)
 *(.init4)
 .init4         0x0000000000000052       0x3c c:/program files/microchip/xc8/v3.00/avr/bin/../lib/gcc/avr/5.4.0/avrxmega3/short-calls\libgcc.a(_copy_data.o)
                0x0000000000000052                __do_copy_data
                0x0000000000000080                __do_clear_bss
 *(.init4)
 *(.init5)
 *(.init5)
 *(.init6)
 *(.init6)
 *(.init7)
 *(.init7)
 *(.init8)
 *(.init8)
 *(.init9)
 .init9         0x000000000000008e        0x4 C:/Program Files/Microchip/MPLABX/v6.25/packs/Microchip/ATtiny_DFP/3.2.268/xc8/avr/lib/avrxmega3/short-calls/crtattiny416.o
 *(.init9)
                0x0000000000000092                . = ALIGN (0x2)
 *(.fini9)
 .fini9         0x0000000000000092        0x0 c:/program files/microchip/xc8/v3.00/avr/bin/../lib/gcc/avr/5.4.0/avrxmega3/short-calls\libgcc.a(_exit.o)
                0x0000000000000092                _exit
 *(.fini9)
 *(.fini8)
 *(.fini8)
 *(.fini7)
 *(.fini7)
 *(.fini6)
 *(.fini6)
 *(.fini5)
 *(.fini5)
 *(.fini4)
 *(.fini4)
 *(.fini3)
 *(.fini3)
 *(.fini2)
 *(.fini2)
 *(.fini1)
 *(.fini1)
 *(.fini0)
 .fini0         0x0000000000000092        0x4 c:/program files/microchip/xc8/v3.00/avr/bin/../lib/gcc/avr/5.4.0/avrxmega3/short-calls\libgcc.a(_exit.o)
 *(.fini0)
                0x0000000000000096                _etext = .

.data           0x0000000000803f00        0x0 load address 0x0000000000000096
                [!provide]                        PROVIDE (__data_start, .)
 *(.gnu.linkonce.d*)
                0x0000000000803f00                . = ALIGN (0x2)
                0x0000000000803f00                _edata = .
                [!provide]                        PROVIDE (__data_end, .)

.bss            0x0000000000803f00        0x0
                [!provide]                        PROVIDE (__bss_start, .)
 *(COMMON)
                [!provide]                        PROVIDE (__bss_end, .)
                0x0000000000000096                __data_load_start = LOADADDR (.data)
                0x0000000000000096                __data_load_end = (__data_load_start + SIZEOF (.data))

.noinit         0x0000000000803f00        0x0
                [!provide]                        PROVIDE (__noinit_start, .)
 *(.noinit*)
                [!provide]                        PROVIDE (__noinit_end, .)
                0x0000000000803f00                _end = .

.eeprom         0x0000000000810000        0x0
 *(.eeprom*)
                0x0000000000810000                __eeprom_end = .

.fuse
 *(.fuse)
 *(.lfuse)
 *(.hfuse)
 *(.efuse)

.lock
 *(.lock*)

.signature
 *(.signature*)

.user_signatures
 *(.user_signatures*)

.bootrow
 *(.bootrow*)

.stab
 *(.stab)

.stabstr
 *(.stabstr)

.stab.excl
 *(.stab.excl)

.stab.exclstr
 *(.stab.exclstr)

.stab.index
 *(.stab.index)

.stab.indexstr
 *(.stab.indexstr)

.comment        0x0000000000000000       0x8a
 *(.comment)
 .comment       0x0000000000000000       0x2f build/default/debug/LIN_ATtiny416.o
                                         0x30 (size before relaxing)
 .comment       0x000000000000002f       0x2c c:/program files/microchip/xc8/v3.00/avr/bin/../lib/gcc/avr/5.4.0/../../../../avr/lib/avrxmega3/short-calls\libc.a(exit.o)
                                         0x2d (size before relaxing)
 .comment       0x000000000000005b       0x2d c:/program files/microchip/xc8/v3.00/avr/bin/../lib/gcc/avr/5.4.0/../../../../avr/lib/avrxmega3/short-calls\libc.a(_Exit.o)
 .comment       0x000000000000005b       0x2f C:/Program Files/Microchip/MPLABX/v6.25/packs/Microchip/ATtiny_DFP/3.2.268/xc8/avr/lib/avrxmega3/short-calls\libattiny416.a(eewr_block_xmega.o)
                                         0x30 (size before relaxing)
 .comment       0x000000000000008a       0x2d c:/program files/microchip/xc8/v3.00/avr/bin/../lib/gcc/avr/5.4.0/../../../../avr/lib/avrxmega3/short-calls\libc.a(abort.o)
 .comment       0x000000000000008a       0x2d c:/program files/microchip/xc8/v3.00/avr/bin/../lib/gcc/avr/5.4.0/../../../../avr/lib/avrxmega3/short-calls\libc.a(memcpy.o)

.stack.descriptors.hdr
                0x0000000000000000       0x62
 .stack.descriptors.hdr
                0x0000000000000000        0xe c:/program files/microchip/xc8/v3.00/avr/bin/../lib/gcc/avr/5.4.0/../../../../avr/lib/avrxmega3/short-calls\libc.a(exit.o)
 .stack.descriptors.hdr
                0x000000000000000e        0xe c:/program files/microchip/xc8/v3.00/avr/bin/../lib/gcc/avr/5.4.0/../../../../avr/lib/avrxmega3/short-calls\libc.a(_Exit.o)
 .stack.descriptors.hdr
                0x000000000000001c        0xe C:/Program Files/Microchip/MPLABX/v6.25/packs/Microchip/ATtiny_DFP/3.2.268/xc8/avr/lib/avrxmega3/short-calls\libattiny416.a(eewr_block_xmega.o)
 .stack.descriptors.hdr
                0x000000000000002a        0xe C:/Program Files/Microchip/MPLABX/v6.25/packs/Microchip/ATtiny_DFP/3.2.268/xc8/avr/lib/avrxmega3/short-calls\libattiny416.a(eerd_block.o)
 .stack.descriptors.hdr
                0x0000000000000038        0xe c:/program files/microchip/xc8/v3.00/avr/bin/../lib/gcc/avr/5.4.0/avrxmega3/short-calls\libgcc.a(_exit.o)
 .stack.descriptors.hdr
                0x0000000000000046        0xe c:/program files/microchip/xc8/v3.00/avr/bin/../lib/gcc/avr/5.4.0/../../../../avr/lib/avrxmega3/short-calls\libc.a(abort.o)
 .stack.descriptors.hdr
                0x0000000000000054        0xe c:/program files/microchip/xc8/v3.00/avr/bin/../lib/gcc/avr/5.4.0/../../../../avr/lib/avrxmega3/short-calls\libc.a(memcpy.o)

.note.GNU-stack
                0x0000000000000000        0x0
 .note.GNU-stack
                0x0000000000000000        0x0 c:/program files/microchip/xc8/v3.00/avr/bin/../lib/gcc/avr/5.4.0/../../../../avr/lib/avrxmega3/short-calls\libc.a(exit.o)
 .note.GNU-stack
                0x0000000000000000        0x0 c:/program files/microchip/xc8/v3.00/avr/bin/../lib/gcc/avr/5.4.0/../../../../avr/lib/avrxmega3/short-calls\libc.a(_Exit.o)
 .note.GNU-stack
                0x0000000000000000        0x0 c:/program files/microchip/xc8/v3.00/avr/bin/../lib/gcc/avr/5.4.0/../../../../avr/lib/avrxmega3/short-calls\libc.a(abort.o)
 .note.GNU-stack
                0x0000000000000000        0x0 c:/program files/microchip/xc8/v3.00/avr/bin/../lib/gcc/avr/5.4.0/../../../../avr/lib/avrxmega3/short-calls\libc.a(memcpy.o)

.note.gnu.build-id
 *(.note.gnu.build-id)

.debug
 *(.debug)

.line
 *(.line)

.debug_srcinfo
 *(.debug_srcinfo)

.debug_sfnames
 *(.debug_sfnames)

.debug_aranges  0x0000000000000000       0xe0
 *(.debug_aranges)
 .debug_aranges
                0x0000000000000000       0xa0 build/default/debug/LIN_ATtiny416.o
 .debug_aranges
                0x00000000000000a0       0x20 C:/Program Files/Microchip/MPLABX/v6.25/packs/Microchip/ATtiny_DFP/3.2.268/xc8/avr/lib/avrxmega3/short-calls\libattiny416.a(eewr_block_xmega.o)
 .debug_aranges
                0x00000000000000c0       0x20 C:/Program Files/Microchip/MPLABX/v6.25/packs/Microchip/ATtiny_DFP/3.2.268/xc8/avr/lib/avrxmega3/short-calls\libattiny416.a(eerd_block.o)

.debug_pubnames
 *(.debug_pubnames)

.debug_info     0x0000000000000000     0x2eb6
 *(.debug_info .gnu.linkonce.wi.*)
 .debug_info    0x0000000000000000     0x19c7 C:/Program Files/Microchip/MPLABX/v6.25/packs/Microchip/ATtiny_DFP/3.2.268/xc8/avr/lib/avrxmega3/short-calls/crtattiny416.o
 .debug_info    0x00000000000019c7      0xe02 build/default/debug/LIN_ATtiny416.o
 .debug_info    0x00000000000027c9      0x631 C:/Program Files/Microchip/MPLABX/v6.25/packs/Microchip/ATtiny_DFP/3.2.268/xc8/avr/lib/avrxmega3/short-calls\libattiny416.a(eewr_block_xmega.o)
 .debug_info    0x0000000000002dfa       0xbc C:/Program Files/Microchip/MPLABX/v6.25/packs/Microchip/ATtiny_DFP/3.2.268/xc8/avr/lib/avrxmega3/short-calls\libattiny416.a(eerd_block.o)

.debug_abbrev   0x0000000000000000     0x1d0c
 *(.debug_abbrev)
 .debug_abbrev  0x0000000000000000     0x1864 C:/Program Files/Microchip/MPLABX/v6.25/packs/Microchip/ATtiny_DFP/3.2.268/xc8/avr/lib/avrxmega3/short-calls/crtattiny416.o
 .debug_abbrev  0x0000000000001864      0x2f1 build/default/debug/LIN_ATtiny416.o
 .debug_abbrev  0x0000000000001b55      0x1a3 C:/Program Files/Microchip/MPLABX/v6.25/packs/Microchip/ATtiny_DFP/3.2.268/xc8/avr/lib/avrxmega3/short-calls\libattiny416.a(eewr_block_xmega.o)
 .debug_abbrev  0x0000000000001cf8       0x14 C:/Program Files/Microchip/MPLABX/v6.25/packs/Microchip/ATtiny_DFP/3.2.268/xc8/avr/lib/avrxmega3/short-calls\libattiny416.a(eerd_block.o)

.debug_line     0x0000000000000000      0x78f
 *(.debug_line .debug_line.* .debug_line_end)
 .debug_line    0x0000000000000000      0x136 C:/Program Files/Microchip/MPLABX/v6.25/packs/Microchip/ATtiny_DFP/3.2.268/xc8/avr/lib/avrxmega3/short-calls/crtattiny416.o
 .debug_line    0x0000000000000136      0x47d build/default/debug/LIN_ATtiny416.o
 .debug_line    0x00000000000005b3      0x17c C:/Program Files/Microchip/MPLABX/v6.25/packs/Microchip/ATtiny_DFP/3.2.268/xc8/avr/lib/avrxmega3/short-calls\libattiny416.a(eewr_block_xmega.o)
 .debug_line    0x000000000000072f       0x60 C:/Program Files/Microchip/MPLABX/v6.25/packs/Microchip/ATtiny_DFP/3.2.268/xc8/avr/lib/avrxmega3/short-calls\libattiny416.a(eerd_block.o)

.debug_frame    0x0000000000000000      0x1e4
 *(.debug_frame)
 .debug_frame   0x0000000000000000      0x1ac build/default/debug/LIN_ATtiny416.o
 .debug_frame   0x00000000000001ac       0x38 C:/Program Files/Microchip/MPLABX/v6.25/packs/Microchip/ATtiny_DFP/3.2.268/xc8/avr/lib/avrxmega3/short-calls\libattiny416.a(eewr_block_xmega.o)

.debug_str      0x0000000000000000      0xafc
 *(.debug_str)
 .debug_str     0x0000000000000000      0xab9 C:/Program Files/Microchip/MPLABX/v6.25/packs/Microchip/ATtiny_DFP/3.2.268/xc8/avr/lib/avrxmega3/short-calls/crtattiny416.o
 .debug_str     0x0000000000000ab9       0x37 build/default/debug/LIN_ATtiny416.o
 .debug_str     0x0000000000000af0        0xc C:/Program Files/Microchip/MPLABX/v6.25/packs/Microchip/ATtiny_DFP/3.2.268/xc8/avr/lib/avrxmega3/short-calls\libattiny416.a(eewr_block_xmega.o)

.debug_loc      0x0000000000000000      0x5a5
 *(.debug_loc)
 .debug_loc     0x0000000000000000      0x42f build/default/debug/LIN_ATtiny416.o
 .debug_loc     0x000000000000042f      0x176 C:/Program Files/Microchip/MPLABX/v6.25/packs/Microchip/ATtiny_DFP/3.2.268/xc8/avr/lib/avrxmega3/short-calls\libattiny416.a(eewr_block_xmega.o)

.debug_macinfo
 *(.debug_macinfo)

.debug_weaknames
 *(.debug_weaknames)

.debug_funcnames
 *(.debug_funcnames)

.debug_typenames
 *(.debug_typenames)

.debug_varnames
 *(.debug_varnames)

.debug_pubtypes
 *(.debug_pubtypes)

.debug_ranges   0x0000000000000000       0xe8
 *(.debug_ranges)
 .debug_ranges  0x0000000000000000       0xa8 build/default/debug/LIN_ATtiny416.o
 .debug_ranges  0x00000000000000a8       0x40 C:/Program Files/Microchip/MPLABX/v6.25/packs/Microchip/ATtiny_DFP/3.2.268/xc8/avr/lib/avrxmega3/short-calls\libattiny416.a(eewr_block_xmega.o)

.debug_macro
 *(.debug_macro)
OUTPUT(dist/default/debug/LIN_ATtiny416.X.debug.elf elf32-avr)
LOAD linker stubs
LOAD data_init

.note.gnu.avr.deviceinfo
                0x0000000000000000       0x3c
 .note.gnu.avr.deviceinfo
                0x0000000000000000       0x3c C:/Program Files/Microchip/MPLABX/v6.25/packs/Microchip/ATtiny_DFP/3.2.268/xc8/avr/lib/avrxmega3/short-calls/crtattiny416.o

.bss.buffer.3614
                0x0000000000803f18        0x8
 .bss.buffer.3614
                0x0000000000803f18        0x8 build/default/debug/LIN_ATtiny416.o

.bss.index.3615
                0x0000000000803f24        0x1
 .bss.index.3615
                0x0000000000803f24        0x1 build/default/debug/LIN_ATtiny416.o

.bss.g_params   0x0000000000803f00       0x18
 .bss.g_params  0x0000000000803f00       0x18 build/default/debug/LIN_ATtiny416.o
                0x0000000000803f00                g_params

.bss.parameterAccessGranted
                0x0000000000803f25        0x1
 .bss.parameterAccessGranted
                0x0000000000803f25        0x1 build/default/debug/LIN_ATtiny416.o
                0x0000000000803f25                parameterAccessGranted

.bss.currentMode
                0x0000000000803f26        0x1
 .bss.currentMode
                0x0000000000803f26        0x1 build/default/debug/LIN_ATtiny416.o
                0x0000000000803f26                currentMode

.text.__vector_22
                0x0000000000000096       0x84
 .text.__vector_22
                0x0000000000000096       0x84 build/default/debug/LIN_ATtiny416.o
                0x0000000000000096                __vector_22

.text.avrlibc   0x000000000000011a       0x80
 .text.avrlibc  0x000000000000011a       0x80 C:/Program Files/Microchip/MPLABX/v6.25/packs/Microchip/ATtiny_DFP/3.2.268/xc8/avr/lib/avrxmega3/short-calls\libattiny416.a(eewr_block_xmega.o)
                0x000000000000011a                eeprom_write_block

.text.send_lin_frame
                0x000000000000019a       0x64
 .text.send_lin_frame
                0x000000000000019a       0x64 build/default/debug/LIN_ATtiny416.o
                0x000000000000019a                send_lin_frame

.text.load_params_from_eeprom
                0x00000000000001fe       0x60
 .text.load_params_from_eeprom
                0x00000000000001fe       0x60 build/default/debug/LIN_ATtiny416.o
                0x00000000000001fe                load_params_from_eeprom

.text.handle_command
                0x000000000000025e       0x5c
 .text.handle_command
                0x000000000000025e       0x5c build/default/debug/LIN_ATtiny416.o
                0x000000000000025e                handle_command

.text.validate_key
                0x00000000000002ba       0x36
 .text.validate_key
                0x00000000000002ba       0x36 build/default/debug/LIN_ATtiny416.o
                0x00000000000002ba                validate_key

.text.lin_crc8  0x00000000000002f0       0x32
 .text.lin_crc8
                0x00000000000002f0       0x32 build/default/debug/LIN_ATtiny416.o
                0x00000000000002f0                lin_crc8

.text.libgcc.prologue
                0x0000000000000322       0x32
 .text.libgcc.prologue
                0x0000000000000322       0x32 c:/program files/microchip/xc8/v3.00/avr/bin/../lib/gcc/avr/5.4.0/avrxmega3/short-calls\libgcc.a(_prologue.o)
                0x0000000000000322                __prologue_saves__

.text.libgcc.prologue
                0x0000000000000354       0x30
 .text.libgcc.prologue
                0x0000000000000354       0x30 c:/program files/microchip/xc8/v3.00/avr/bin/../lib/gcc/avr/5.4.0/avrxmega3/short-calls\libgcc.a(_epilogue.o)
                0x0000000000000354                __epilogue_restores__

.rodata         0x0000000000808384       0x18 load address 0x0000000000000384
 .rodata        0x0000000000808384       0x18 build/default/debug/LIN_ATtiny416.o

.text.main      0x000000000000039c       0x18
 .text.main     0x000000000000039c       0x18 build/default/debug/LIN_ATtiny416.o
                0x000000000000039c                main

.text.uart_init
                0x00000000000003b4       0x16
 .text.uart_init
                0x00000000000003b4       0x16 build/default/debug/LIN_ATtiny416.o
                0x00000000000003b4                uart_init

.text.generate_seed
                0x00000000000003ca       0x16
 .text.generate_seed
                0x00000000000003ca       0x16 build/default/debug/LIN_ATtiny416.o
                0x00000000000003ca                generate_seed

.text.memcpy    0x00000000000003e0       0x16
 .text.memcpy   0x00000000000003e0       0x16 c:/program files/microchip/xc8/v3.00/avr/bin/../lib/gcc/avr/5.4.0/../../../../avr/lib/avrxmega3/short-calls\libc.a(memcpy.o)
                0x00000000000003e0                memcpy

.text.uart_send
                0x00000000000003f6       0x10
 .text.uart_send
                0x00000000000003f6       0x10 build/default/debug/LIN_ATtiny416.o
                0x00000000000003f6                uart_send

.text.system_init
                0x0000000000000406       0x10
 .text.system_init
                0x0000000000000406       0x10 build/default/debug/LIN_ATtiny416.o
                0x0000000000000406                system_init

.text.crcscan_init
                0x0000000000000416        0xe
 .text.crcscan_init
                0x0000000000000416        0xe build/default/debug/LIN_ATtiny416.o
                0x0000000000000416                crcscan_init

.text.exit      0x0000000000000424        0xe
 .text.exit     0x0000000000000424        0xe c:/program files/microchip/xc8/v3.00/avr/bin/../lib/gcc/avr/5.4.0/../../../../avr/lib/avrxmega3/short-calls\libc.a(exit.o)
                0x0000000000000424                exit

.text.save_params_to_eeprom
                0x0000000000000432        0xc
 .text.save_params_to_eeprom
                0x0000000000000432        0xc build/default/debug/LIN_ATtiny416.o
                0x0000000000000432                save_params_to_eeprom

.text.fallback_safe_reset
                0x000000000000043e        0xa
 .text.fallback_safe_reset
                0x000000000000043e        0xa build/default/debug/LIN_ATtiny416.o
                0x000000000000043e                fallback_safe_reset

.text.check_crc_ok
                0x0000000000000448        0x8
 .text.check_crc_ok
                0x0000000000000448        0x8 build/default/debug/LIN_ATtiny416.o
                0x0000000000000448                check_crc_ok

.text.avrlibc   0x0000000000000450        0x8
 .text.avrlibc  0x0000000000000450        0x8 C:/Program Files/Microchip/MPLABX/v6.25/packs/Microchip/ATtiny_DFP/3.2.268/xc8/avr/lib/avrxmega3/short-calls\libattiny416.a(eerd_block.o)
                0x0000000000000450                eeprom_read_block

.text.abort     0x0000000000000458        0x6
 .text.abort    0x0000000000000458        0x6 c:/program files/microchip/xc8/v3.00/avr/bin/../lib/gcc/avr/5.4.0/../../../../avr/lib/avrxmega3/short-calls\libc.a(abort.o)
                0x0000000000000458                abort

.text           0x000000000000045e        0x2
 .text          0x000000000000045e        0x2 C:/Program Files/Microchip/MPLABX/v6.25/packs/Microchip/ATtiny_DFP/3.2.268/xc8/avr/lib/avrxmega3/short-calls/crtattiny416.o
                0x000000000000045e                __vector_1
                0x000000000000045e                __vector_24
                0x000000000000045e                __vector_12
                0x000000000000045e                __bad_interrupt
                0x000000000000045e                __vector_6
                0x000000000000045e                __vector_3
                0x000000000000045e                __vector_23
                0x000000000000045e                __vector_25
                0x000000000000045e                __vector_11
                0x000000000000045e                __vector_13
                0x000000000000045e                __vector_17
                0x000000000000045e                __vector_19
                0x000000000000045e                __vector_7
                0x000000000000045e                __vector_5
                0x000000000000045e                __vector_4
                0x000000000000045e                __vector_9
                0x000000000000045e                __vector_2
                0x000000000000045e                __vector_21
                0x000000000000045e                __vector_15
                0x000000000000045e                __vector_8
                0x000000000000045e                __vector_14
                0x000000000000045e                __vector_10
                0x000000000000045e                __vector_16
                0x000000000000045e                __vector_18
                0x000000000000045e                __vector_20

.text.__dummy_fini
                0x0000000000000460        0x2
 .text.__dummy_fini
                0x0000000000000460        0x2 c:/program files/microchip/xc8/v3.00/avr/bin/../lib/gcc/avr/5.4.0/../../../../avr/lib/avrxmega3/short-calls\libc.a(exit.o)
                0x0000000000000460                _fini

.text.__dummy_funcs_on_exit
                0x0000000000000462        0x2
 .text.__dummy_funcs_on_exit
                0x0000000000000462        0x2 c:/program files/microchip/xc8/v3.00/avr/bin/../lib/gcc/avr/5.4.0/../../../../avr/lib/avrxmega3/short-calls\libc.a(exit.o)
                0x0000000000000462                __funcs_on_exit

.text.__dummy_simulator_exit
                0x0000000000000464        0x2
 .text.__dummy_simulator_exit
                0x0000000000000464        0x2 c:/program files/microchip/xc8/v3.00/avr/bin/../lib/gcc/avr/5.4.0/../../../../avr/lib/avrxmega3/short-calls\libc.a(exit.o)
                0x0000000000000464                __simulator_exit

.text._Exit     0x0000000000000466        0x2
 .text._Exit    0x0000000000000466        0x2 c:/program files/microchip/xc8/v3.00/avr/bin/../lib/gcc/avr/5.4.0/../../../../avr/lib/avrxmega3/short-calls\libc.a(_Exit.o)
                0x0000000000000466                _Exit

.data.g_seed    0x0000000000803f20        0x4 load address 0x0000000000000468
 .data.g_seed   0x0000000000803f20        0x4 build/default/debug/LIN_ATtiny416.o
                0x0000000000803f20                g_seed
